
> chargereserve@0.1.0 build
> next build

▲ Next.js 16.1.6 (Turbopack)
- Environments: .env

  Creating an optimized production build ...
✓ Compiled successfully in 2.6s
  Running TypeScript ...
  Collecting page data using 15 workers ...
  Generating static pages using 15 workers (0/6) ...
  Generating static pages using 15 workers (1/6) 
  Generating static pages using 15 workers (2/6) 
  Generating static pages using 15 workers (4/6) 
✓ Generating static pages using 15 workers (6/6) in 664.2ms
  Finalizing page optimization ...

Route (app)
┌ ○ /
├ ○ /_not-found
├ ƒ /booking/[id]
├ ○ /dashboard
├ ○ /session
├ ƒ /session/[id]
└ ƒ /station/[id]


○  (Static)   prerendered as static content
ƒ  (Dynamic)  server-rendered on demand

